// Jest Snapshot v1, https://goo.gl/fbAQLP

exports[`FuqGrip should be rendered 1`] = `
<div>
  <div
    class="ant-page-header ant-page-header-ghost"
  >
    <div
      class="ant-page-header-heading"
    >
      <div
        class="ant-page-header-heading-left"
      >
        <span
          class="ant-page-header-heading-title"
          title="FUQs"
        >
          FUQs
        </span>
        <span
          class="ant-page-header-heading-sub-title"
          title="controll your fuqs, champ!"
        >
          controll your fuqs, champ!
        </span>
      </div>
    </div>
  </div>
  <div
    class="ant-row"
  >
    <div
      class="ant-table-wrapper"
      style="width: 100%;"
    >
      <div
        class="ant-spin-nested-loading"
      >
        <div
          class="ant-spin-container"
        >
          <div
            class="ant-table"
          >
            <div
              class="ant-table-container"
            >
              <div
                class="ant-table-content"
              >
                <table
                  style="table-layout: auto;"
                >
                  <colgroup />
                  <thead
                    class="ant-table-thead"
                  >
                    <tr>
                      <th
                        class="ant-table-cell"
                      >
                        Title
                      </th>
                      <th
                        class="ant-table-cell"
                      >
                        Creation date
                      </th>
                      <th
                        class="ant-table-cell"
                      >
                        Actions
                      </th>
                    </tr>
                  </thead>
                  <tbody
                    class="ant-table-tbody"
                  >
                    <tr
                      class="ant-table-row ant-table-row-level-0"
                      data-row-key="1"
                    >
                      <td
                        class="ant-table-cell"
                      >
                        <b
                          style="cursor: zoom-in;"
                          title="Sample fuq text"
                        >
                          Sample fuq
                        </b>
                      </td>
                      <td
                        class="ant-table-cell"
                      >
                        idk lol
                      </td>
                      <td
                        class="ant-table-cell"
                      >
                        <div
                          class="ant-space ant-space-horizontal ant-space-align-center"
                        >
                          <div
                            class="ant-space-item"
                          >
                            <button
                              class="ant-btn ant-btn-link ant-btn-block"
                              type="button"
                            >
                              <span>
                                Delete
                              </span>
                            </button>
                          </div>
                        </div>
                      </td>
                    </tr>
                  </tbody>
                </table>
              </div>
            </div>
          </div>
          <ul
            class="ant-pagination ant-table-pagination ant-table-pagination-right"
            unselectable="unselectable"
          >
            <li
              aria-disabled="true"
              class="ant-pagination-prev ant-pagination-disabled"
              title="Previous Page"
            >
              <button
                class="ant-pagination-item-link"
                disabled=""
                tabindex="-1"
                type="button"
              >
                <span
                  aria-label="left"
                  class="anticon anticon-left"
                  role="img"
                >
                  <svg
                    aria-hidden="true"
                    data-icon="left"
                    fill="currentColor"
                    focusable="false"
                    height="1em"
                    viewBox="64 64 896 896"
                    width="1em"
                  >
                    <path
                      d="M724 218.3V141c0-6.7-7.7-10.4-12.9-6.3L260.3 486.8a31.86 31.86 0 000 50.3l450.8 352.1c5.3 4.1 12.9.4 12.9-6.3v-77.3c0-4.9-2.3-9.6-6.1-12.6l-360-281 360-281.1c3.8-3 6.1-7.7 6.1-12.6z"
                    />
                  </svg>
                </span>
              </button>
            </li>
            <li
              class="ant-pagination-item ant-pagination-item-1 ant-pagination-item-active"
              tabindex="0"
              title="1"
            >
              <a
                rel="nofollow"
              >
                1
              </a>
            </li>
            <li
              aria-disabled="true"
              class="ant-pagination-next ant-pagination-disabled"
              title="Next Page"
            >
              <button
                class="ant-pagination-item-link"
                disabled=""
                tabindex="-1"
                type="button"
              >
                <span
                  aria-label="right"
                  class="anticon anticon-right"
                  role="img"
                >
                  <svg
                    aria-hidden="true"
                    data-icon="right"
                    fill="currentColor"
                    focusable="false"
                    height="1em"
                    viewBox="64 64 896 896"
                    width="1em"
                  >
                    <path
                      d="M765.7 486.8L314.9 134.7A7.97 7.97 0 00302 141v77.3c0 4.9 2.3 9.6 6.1 12.6l360 281.1-360 281.1c-3.9 3-6.1 7.7-6.1 12.6V883c0 6.7 7.7 10.4 12.9 6.3l450.8-352.1a31.96 31.96 0 000-50.4z"
                    />
                  </svg>
                </span>
              </button>
            </li>
          </ul>
        </div>
      </div>
    </div>
  </div>
</div>
`;
